
> web@0.1.0 build
> next build

  ▲ Next.js 14.2.35

   Creating an optimized production build ...
(node:59420) [DEP0040] DeprecationWarning: The `punycode` module is deprecated. Please use a userland alternative instead.
(Use `node --trace-deprecation ...` to show where the warning was created)
<w> [webpack.cache.PackFileCacheStrategy] Caching failed for pack: Error: Unable to snapshot resolve dependencies
<w> [webpack.cache.PackFileCacheStrategy] Caching failed for pack: Error: Unable to snapshot resolve dependencies
(node:59458) [DEP0040] DeprecationWarning: The `punycode` module is deprecated. Please use a userland alternative instead.
(Use `node --trace-deprecation ...` to show where the warning was created)
<w> [webpack.cache.PackFileCacheStrategy] Caching failed for pack: Error: Unable to snapshot resolve dependencies
 ✓ Compiled successfully
   Linting and checking validity of types ...

Failed to compile.

./app/(dashboard)/orders/page.tsx
138:36  Error: Unexpected any. Specify a different type.  @typescript-eslint/no-explicit-any

./components/config/MeasurementCategoriesTable.tsx
9:10  Error: 'Label' is defined but never used.  @typescript-eslint/no-unused-vars

info  - Need to disable some ESLint rules? Learn more here: https://nextjs.org/docs/basic-features/eslint#disabling-rules
npm error Lifecycle script `build` failed with error:
npm error code 1
npm error path /Users/muhammadawais/Documents/My Tailors/tbms/apps/web
npm error workspace web@0.1.0
npm error location /Users/muhammadawais/Documents/My Tailors/tbms/apps/web
npm error command failed
npm error command sh -c next build
